// Jest Snapshot v1, https://goo.gl/fbAQLP

exports[`Pruebas en GifGridItem Debe mostrar el componente correctamente 1`] = `
<div
  className="animate__animated animate__fadeInRightBig"
>
  <img
    alt="Hola mundo desde Jest"
    src="https://localhost/jest.jpg"
  />
  <p>
    Hola mundo desde Jest
  </p>
</div>
`;
