// Jest Snapshot v1, https://goo.gl/fbAQLP

exports[`Pruebas en GifGid Debe mostrar el componente correctamente 1`] = `
<Fragment>
  <h3>
    Jest
  </h3>
  <p
    className="animate__animated animate__flash"
  >
    Cargando
  </p>
  <div
    className="gifGrid"
  />
</Fragment>
`;
